// Jest Snapshot v1, https://goo.gl/fbAQLP

exports[`Report component renders for user that has given transaction password 1`] = `"<div class=\\"main Report\\"><span>Hello, user</span><div class=\\"jumbotron mt-5 text-center\\"><div class=\\"loginForm\\"><h1>Enter transaction password</h1><div><span class=\\"what\\">What is this?</span></div><div class=\\"form-group\\"><label for=\\"txnPassword\\">Transaction password:</label><input class=\\"form-control\\" id=\\"txnPassword\\" type=\\"password\\" name=\\"password\\"></div><div><input class=\\"btn btn-primary form-control\\" type=\\"button\\" value=\\"Login\\"></div></div></div></div>"`;
